// Jest Snapshot v1, https://goo.gl/fbAQLP

exports[`Test HomePage matches the snapshot 1`] = `
<DocumentFragment>
  <main
    class="mx-auto sm:px-6 md:px-8 gap-8 sm:gap-12 md:gap-20 flex flex-col w-full"
  >
    <div
      class="w-full h-[2px]"
    />
    <div
      data-testid="hero"
    >
      Hero Component
    </div>
    <div
      data-testid="experience"
    >
      Experience Component
    </div>
    <div
      data-testid="about"
    >
      About Component
    </div>
    <div
      data-testid="projects"
    >
      Projects Component
    </div>
    <div
      data-testid="contact"
    >
      Contact Component
    </div>
  </main>
</DocumentFragment>
`;
